\AplVfp\Libv\*.*
\AplVfp\Sounds\*.*
\AplVfp\Ejemplos\*.*
\AplVfp\Help\*.*
\AplVfp\Delfines\*.*
\AplVfp\.git\
\AplVfp\Admin\*.*
\AplVfp\ModeloDB\*.*
\AplVfp\Sql\*.*
\AplVfp\*.zip
\AplVfp\*.exe
\AplVfp\*.bak
\AplVfp\*.fxp
\AplVfp\Icons\Thumbs.db
\AplVfp\Bmps\Thumbs.db
\AplVfp\GrafGen\JPEG\Thumbs.db
\AplVfp\GrafGen\Iconos\Thumbs.db
\AplVfp\GrafGen\gif\Thumbs.db
\AplVfp\GrafGen\Fondos\Thumbs.db
\AplVfp\GrafGen\Cursores\Thumbs.db
\AplVfp\GrafGen\*.zip
\AplVfp\GrafGen\*.rar
\AplVfp\GrafGen\*.exe
\AplVfp\Ayudas\Thumbs.db
\AplVfp\Ayudas\*.exe
\AplVfp\Ayudas\*.zip
\AplVfp\Ayudas\*.rar
\AplVfp\Ayudas\Tools\
\AplVfp\Tools\
\AplVfp\Bsinfo1\
\AplVfp\Bsinfo2\
\AplVfp\Bsinfo3\
\AplVfp\Bsinfo4\
\AplVfp\Chavito1.2_archivos\
\AplVfp\Classgen3\
\AplVfp\Classgen4\
\AplVfp\Consorcio\
\AplVfp\Consorcio2
\AplVfp\wwClient\
\AplVfp\Framework\
\AplVfp\Framework\Bk_Foxcode\
\AplVfp\Classgen\vcxs - copia\
\AplVfp\Classgen\Progs\001\